---
source: crates/ruff_linter/src/rules/pyflakes/mod.rs
---
F811_21.py:32:5: F811 [*] Redefinition of unused `Sequence` from line 26
   |
30 | from typing import (
31 |     List,  # noqa: F811
32 |     Sequence,
   |     ^^^^^^^^ F811
33 | )
   |
   = help: Remove definition: `Sequence`

â„¹ Safe fix
23 23 | # This should ignore both errors.
24 24 | from typing import (
25 25 |     List,  # noqa
26    |-    Sequence,  # noqa
27    |-)
   26 |+    )
28 27 | 
29 28 | # This should ignore the first error.
30 29 | from typing import (
