---
source: crates/ruff/src/rules/pylint/mod.rs
expression: diagnostics
---
- kind:
    name: UselessReturn
    body: Useless return at end of function or method
    suggestion: Remove useless return statement at the end of the function
    fixable: true
  location:
    row: 3
    column: 4
  end_location:
    row: 3
    column: 15
  fix:
    content: ""
    location:
      row: 3
      column: 0
    end_location:
      row: 4
      column: 0
  parent: ~
- kind:
    name: UselessReturn
    body: Useless return at end of function or method
    suggestion: Remove useless return statement at the end of the function
    fixable: true
  location:
    row: 7
    column: 4
  end_location:
    row: 7
    column: 10
  fix:
    content: ""
    location:
      row: 7
      column: 0
    end_location:
      row: 8
      column: 0
  parent: ~
- kind:
    name: UselessReturn
    body: Useless return at end of function or method
    suggestion: Remove useless return statement at the end of the function
    fixable: true
  location:
    row: 12
    column: 8
  end_location:
    row: 12
    column: 19
  fix:
    content: ""
    location:
      row: 12
      column: 0
    end_location:
      row: 13
      column: 0
  parent: ~

