---
source: crates/ruff/src/rules/flake8_implicit_str_concat/mod.rs
---
ISC.py:9:3: ISC003 Explicitly concatenated string should be implicitly concatenated
   |
 8 |   _ = (
 9 |     "abc" +
   |  ___^
10 | |   "def"
   | |_______^ ISC003
11 |   )
   |

ISC.py:14:3: ISC003 Explicitly concatenated string should be implicitly concatenated
   |
13 |   _ = (
14 |     f"abc" +
   |  ___^
15 | |   "def"
   | |_______^ ISC003
16 |   )
   |

ISC.py:19:3: ISC003 Explicitly concatenated string should be implicitly concatenated
   |
18 |   _ = (
19 |     b"abc" +
   |  ___^
20 | |   b"def"
   | |________^ ISC003
21 |   )
   |

ISC.py:64:7: ISC003 Explicitly concatenated string should be implicitly concatenated
   |
63 |   _ = (
64 |     a + f"abc" +
   |  _______^
65 | |   "def"
   | |_______^ ISC003
66 |   )
   |

ISC.py:69:3: ISC003 Explicitly concatenated string should be implicitly concatenated
   |
68 |   _ = (
69 |     f"abc" +
   |  ___^
70 | |   "def" + a
   | |_______^ ISC003
71 |   )
   |


