---
source: crates/ruff_python_parser/src/lexer.rs
expression: lex_source(source)
---
[
    (
        String {
            value: 1..7,
            kind: String,
            triple_quoted: false,
        },
        0..8,
    ),
    (
        String {
            value: 10..16,
            kind: String,
            triple_quoted: false,
        },
        9..17,
    ),
    (
        String {
            value: 19..25,
            kind: String,
            triple_quoted: false,
        },
        18..26,
    ),
    (
        String {
            value: 28..32,
            kind: String,
            triple_quoted: false,
        },
        27..33,
    ),
    (
        String {
            value: 35..41,
            kind: String,
            triple_quoted: false,
        },
        34..42,
    ),
    (
        String {
            value: 44..46,
            kind: String,
            triple_quoted: false,
        },
        43..47,
    ),
    (
        String {
            value: 50..55,
            kind: RawString,
            triple_quoted: false,
        },
        48..56,
    ),
    (
        String {
            value: 58..62,
            kind: String,
            triple_quoted: false,
        },
        57..63,
    ),
    (
        String {
            value: 65..72,
            kind: String,
            triple_quoted: false,
        },
        64..73,
    ),
    (
        Newline,
        73..73,
    ),
]
