---
source: crates/ruff_python_parser/src/lexer.rs
expression: triple_quoted_eol(MAC_EOL)
---
[
    (
        String {
            value: 3..18,
            kind: String,
            triple_quoted: true,
        },
        0..21,
    ),
    (
        Newline,
        21..21,
    ),
]
