---
source: crates/ruff_linter/src/rules/pycodestyle/mod.rs
---
E999.py:5:1: E999 SyntaxError: expected an indented block after function definition
 |
 |


