---
source: parser/src/function.rs
expression: parse_ast
---
Ok(
    [
        Attributed {
            range: 0..20,
            custom: (),
            node: Expr(
                StmtExpr {
                    value: Attributed {
                        range: 0..20,
                        custom: (),
                        node: Lambda(
                            ExprLambda {
                                args: Arguments {
                                    posonlyargs: [],
                                    args: [],
                                    vararg: None,
                                    kwonlyargs: [
                                        Attributed {
                                            range: 10..11,
                                            custom: (),
                                            node: ArgData {
                                                arg: Identifier(
                                                    "a",
                                                ),
                                                annotation: None,
                                                type_comment: None,
                                            },
                                        },
                                        Attributed {
                                            range: 13..14,
                                            custom: (),
                                            node: ArgData {
                                                arg: Identifier(
                                                    "b",
                                                ),
                                                annotation: None,
                                                type_comment: None,
                                            },
                                        },
                                        Attributed {
                                            range: 16..17,
                                            custom: (),
                                            node: ArgData {
                                                arg: Identifier(
                                                    "c",
                                                ),
                                                annotation: None,
                                                type_comment: None,
                                            },
                                        },
                                    ],
                                    kw_defaults: [],
                                    kwarg: None,
                                    defaults: [],
                                },
                                body: Attributed {
                                    range: 19..20,
                                    custom: (),
                                    node: Constant(
                                        ExprConstant {
                                            value: Int(
                                                1,
                                            ),
                                            kind: None,
                                        },
                                    ),
                                },
                            },
                        ),
                    },
                },
            ),
        },
    ],
)
