---
source: parser/src/parser.rs
expression: parse_ast
---
[
    Attributed {
        range: 0..28,
        custom: (),
        node: If(
            StmtIf {
                test: Attributed {
                    range: 3..4,
                    custom: (),
                    node: Constant(
                        ExprConstant {
                            value: Int(
                                1,
                            ),
                            kind: None,
                        },
                    ),
                },
                body: [
                    Attributed {
                        range: 6..8,
                        custom: (),
                        node: Expr(
                            StmtExpr {
                                value: Attributed {
                                    range: 6..8,
                                    custom: (),
                                    node: Constant(
                                        ExprConstant {
                                            value: Int(
                                                10,
                                            ),
                                            kind: None,
                                        },
                                    ),
                                },
                            },
                        ),
                    },
                ],
                orelse: [
                    Attributed {
                        range: 9..28,
                        custom: (),
                        node: If(
                            StmtIf {
                                test: Attributed {
                                    range: 14..15,
                                    custom: (),
                                    node: Constant(
                                        ExprConstant {
                                            value: Int(
                                                2,
                                            ),
                                            kind: None,
                                        },
                                    ),
                                },
                                body: [
                                    Attributed {
                                        range: 17..19,
                                        custom: (),
                                        node: Expr(
                                            StmtExpr {
                                                value: Attributed {
                                                    range: 17..19,
                                                    custom: (),
                                                    node: Constant(
                                                        ExprConstant {
                                                            value: Int(
                                                                20,
                                                            ),
                                                            kind: None,
                                                        },
                                                    ),
                                                },
                                            },
                                        ),
                                    },
                                ],
                                orelse: [
                                    Attributed {
                                        range: 26..28,
                                        custom: (),
                                        node: Expr(
                                            StmtExpr {
                                                value: Attributed {
                                                    range: 26..28,
                                                    custom: (),
                                                    node: Constant(
                                                        ExprConstant {
                                                            value: Int(
                                                                30,
                                                            ),
                                                            kind: None,
                                                        },
                                                    ),
                                                },
                                            },
                                        ),
                                    },
                                ],
                            },
                        ),
                    },
                ],
            },
        ),
    },
]
