---
source: parser/src/string.rs
expression: parse_ast
---
[
    Attributed {
        range: 0..10,
        custom: (),
        node: Constant(
            ExprConstant {
                value: Str(
                    "user=",
                ),
                kind: None,
            },
        ),
    },
    Attributed {
        range: 0..10,
        custom: (),
        node: Constant(
            ExprConstant {
                value: Str(
                    "",
                ),
                kind: None,
            },
        ),
    },
    Attributed {
        range: 0..10,
        custom: (),
        node: FormattedValue(
            ExprFormattedValue {
                value: Attributed {
                    range: 3..7,
                    custom: (),
                    node: Name(
                        ExprName {
                            id: Identifier(
                                "user",
                            ),
                            ctx: Load,
                        },
                    ),
                },
                conversion: Int(
                    114,
                ),
                format_spec: None,
            },
        ),
    },
]
