---
source: parser/src/context.rs
expression: parse_ast
---
[
    Attributed {
        range: 0..16,
        custom: (),
        node: Assign(
            StmtAssign {
                targets: [
                    Attributed {
                        range: 0..4,
                        custom: (),
                        node: Subscript(
                            ExprSubscript {
                                value: Attributed {
                                    range: 0..1,
                                    custom: (),
                                    node: Name(
                                        ExprName {
                                            id: "x",
                                            ctx: Load,
                                        },
                                    ),
                                },
                                slice: Attributed {
                                    range: 2..3,
                                    custom: (),
                                    node: Name(
                                        ExprName {
                                            id: "y",
                                            ctx: Load,
                                        },
                                    ),
                                },
                                ctx: Store,
                            },
                        ),
                    },
                ],
                value: Attributed {
                    range: 7..16,
                    custom: (),
                    node: Tuple(
                        ExprTuple {
                            elts: [
                                Attributed {
                                    range: 8..9,
                                    custom: (),
                                    node: Constant(
                                        ExprConstant {
                                            value: Int(
                                                1,
                                            ),
                                            kind: None,
                                        },
                                    ),
                                },
                                Attributed {
                                    range: 11..12,
                                    custom: (),
                                    node: Constant(
                                        ExprConstant {
                                            value: Int(
                                                2,
                                            ),
                                            kind: None,
                                        },
                                    ),
                                },
                                Attributed {
                                    range: 14..15,
                                    custom: (),
                                    node: Constant(
                                        ExprConstant {
                                            value: Int(
                                                3,
                                            ),
                                            kind: None,
                                        },
                                    ),
                                },
                            ],
                            ctx: Load,
                        },
                    ),
                },
                type_comment: None,
            },
        ),
    },
]
