---
source: parser/src/context.rs
expression: parse_ast
---
[
    Located {
        range: 0..16,
        custom: (),
        node: AugAssign(
            StmtAugAssign {
                target: Located {
                    range: 0..3,
                    custom: (),
                    node: Attribute(
                        ExprAttribute {
                            value: Located {
                                range: 0..1,
                                custom: (),
                                node: Name(
                                    ExprName {
                                        id: "x",
                                        ctx: Load,
                                    },
                                ),
                            },
                            attr: "y",
                            ctx: Store,
                        },
                    ),
                },
                op: Add,
                value: Located {
                    range: 7..16,
                    custom: (),
                    node: Tuple(
                        ExprTuple {
                            elts: [
                                Located {
                                    range: 8..9,
                                    custom: (),
                                    node: Constant(
                                        ExprConstant {
                                            value: Int(
                                                1,
                                            ),
                                            kind: None,
                                        },
                                    ),
                                },
                                Located {
                                    range: 11..12,
                                    custom: (),
                                    node: Constant(
                                        ExprConstant {
                                            value: Int(
                                                2,
                                            ),
                                            kind: None,
                                        },
                                    ),
                                },
                                Located {
                                    range: 14..15,
                                    custom: (),
                                    node: Constant(
                                        ExprConstant {
                                            value: Int(
                                                3,
                                            ),
                                            kind: None,
                                        },
                                    ),
                                },
                            ],
                            ctx: Load,
                        },
                    ),
                },
            },
        ),
    },
]
