---
source: parser/src/string.rs
expression: parse_ast
---
[
    Located {
        range: 0..9,
        custom: (),
        node: Expr(
            StmtExpr {
                value: Located {
                    range: 0..9,
                    custom: (),
                    node: Constant(
                        ExprConstant {
                            value: Str(
                                "\u{88}",
                            ),
                            kind: None,
                        },
                    ),
                },
            },
        ),
    },
]
