---
source: parser/src/context.rs
expression: parse_ast
---
[
    Located {
        range: 0..5,
        custom: (),
        node: Delete(
            StmtDelete {
                targets: [
                    Located {
                        range: 4..5,
                        custom: (),
                        node: Name(
                            ExprName {
                                id: "x",
                                ctx: Del,
                            },
                        ),
                    },
                ],
            },
        ),
    },
]
