---
source: parser/src/function.rs
expression: parse_ast
---
Ok(
    [
        Attributed {
            range: 0..26,
            custom: (),
            node: FunctionDef(
                StmtFunctionDef {
                    name: "f",
                    args: Arguments {
                        posonlyargs: [],
                        args: [
                            Attributed {
                                range: 6..7,
                                custom: (),
                                node: ArgData {
                                    arg: "a",
                                    annotation: None,
                                    type_comment: None,
                                },
                            },
                            Attributed {
                                range: 9..10,
                                custom: (),
                                node: ArgData {
                                    arg: "b",
                                    annotation: None,
                                    type_comment: None,
                                },
                            },
                            Attributed {
                                range: 15..16,
                                custom: (),
                                node: ArgData {
                                    arg: "c",
                                    annotation: None,
                                    type_comment: None,
                                },
                            },
                        ],
                        vararg: None,
                        kwonlyargs: [],
                        kw_defaults: [],
                        kwarg: None,
                        defaults: [
                            Attributed {
                                range: 11..13,
                                custom: (),
                                node: Constant(
                                    ExprConstant {
                                        value: Int(
                                            20,
                                        ),
                                        kind: None,
                                    },
                                ),
                            },
                            Attributed {
                                range: 17..19,
                                custom: (),
                                node: Constant(
                                    ExprConstant {
                                        value: Int(
                                            30,
                                        ),
                                        kind: None,
                                    },
                                ),
                            },
                        ],
                    },
                    body: [
                        Attributed {
                            range: 22..26,
                            custom: (),
                            node: Pass,
                        },
                    ],
                    decorator_list: [],
                    returns: None,
                    type_comment: None,
                },
            ),
        },
    ],
)
