---
source: parser/src/parser.rs
expression: parse_ast
---
Located {
    location: Location {
        row: 1,
        column: 0,
    },
    end_location: Some(
        Location {
            row: 7,
            column: 1,
        },
    ),
    custom: (),
    node: Call(
        ExprCall {
            func: Located {
                location: Location {
                    row: 1,
                    column: 0,
                },
                end_location: Some(
                    Location {
                        row: 1,
                        column: 8,
                    },
                ),
                custom: (),
                node: Attribute(
                    ExprAttribute {
                        value: Located {
                            location: Location {
                                row: 1,
                                column: 0,
                            },
                            end_location: Some(
                                Location {
                                    row: 1,
                                    column: 3,
                                },
                            ),
                            custom: (),
                            node: Constant(
                                ExprConstant {
                                    value: Str(
                                        " ",
                                    ),
                                    kind: None,
                                },
                            ),
                        },
                        attr: "join",
                        ctx: Load,
                    },
                ),
            },
            args: [
                Located {
                    location: Location {
                        row: 2,
                        column: 4,
                    },
                    end_location: Some(
                        Location {
                            row: 6,
                            column: 5,
                        },
                    ),
                    custom: (),
                    node: GeneratorExp(
                        ExprGeneratorExp {
                            elt: Located {
                                location: Location {
                                    row: 2,
                                    column: 4,
                                },
                                end_location: Some(
                                    Location {
                                        row: 2,
                                        column: 7,
                                    },
                                ),
                                custom: (),
                                node: Name(
                                    ExprName {
                                        id: "sql",
                                        ctx: Load,
                                    },
                                ),
                            },
                            generators: [
                                Comprehension {
                                    target: Located {
                                        location: Location {
                                            row: 3,
                                            column: 8,
                                        },
                                        end_location: Some(
                                            Location {
                                                row: 3,
                                                column: 11,
                                            },
                                        ),
                                        custom: (),
                                        node: Name(
                                            ExprName {
                                                id: "sql",
                                                ctx: Store,
                                            },
                                        ),
                                    },
                                    iter: Located {
                                        location: Location {
                                            row: 3,
                                            column: 15,
                                        },
                                        end_location: Some(
                                            Location {
                                                row: 6,
                                                column: 5,
                                            },
                                        ),
                                        custom: (),
                                        node: Tuple(
                                            ExprTuple {
                                                elts: [
                                                    Located {
                                                        location: Location {
                                                            row: 4,
                                                            column: 8,
                                                        },
                                                        end_location: Some(
                                                            Location {
                                                                row: 4,
                                                                column: 45,
                                                            },
                                                        ),
                                                        custom: (),
                                                        node: IfExp(
                                                            ExprIfExp {
                                                                test: Located {
                                                                    location: Location {
                                                                        row: 4,
                                                                        column: 30,
                                                                    },
                                                                    end_location: Some(
                                                                        Location {
                                                                            row: 4,
                                                                            column: 35,
                                                                        },
                                                                    ),
                                                                    custom: (),
                                                                    node: Name(
                                                                        ExprName {
                                                                            id: "limit",
                                                                            ctx: Load,
                                                                        },
                                                                    ),
                                                                },
                                                                body: Located {
                                                                    location: Location {
                                                                        row: 4,
                                                                        column: 8,
                                                                    },
                                                                    end_location: Some(
                                                                        Location {
                                                                            row: 4,
                                                                            column: 26,
                                                                        },
                                                                    ),
                                                                    custom: (),
                                                                    node: BinOp(
                                                                        ExprBinOp {
                                                                            left: Located {
                                                                                location: Location {
                                                                                    row: 4,
                                                                                    column: 8,
                                                                                },
                                                                                end_location: Some(
                                                                                    Location {
                                                                                        row: 4,
                                                                                        column: 18,
                                                                                    },
                                                                                ),
                                                                                custom: (),
                                                                                node: Constant(
                                                                                    ExprConstant {
                                                                                        value: Str(
                                                                                            "LIMIT %d",
                                                                                        ),
                                                                                        kind: None,
                                                                                    },
                                                                                ),
                                                                            },
                                                                            op: Mod,
                                                                            right: Located {
                                                                                location: Location {
                                                                                    row: 4,
                                                                                    column: 21,
                                                                                },
                                                                                end_location: Some(
                                                                                    Location {
                                                                                        row: 4,
                                                                                        column: 26,
                                                                                    },
                                                                                ),
                                                                                custom: (),
                                                                                node: Name(
                                                                                    ExprName {
                                                                                        id: "limit",
                                                                                        ctx: Load,
                                                                                    },
                                                                                ),
                                                                            },
                                                                        },
                                                                    ),
                                                                },
                                                                orelse: Located {
                                                                    location: Location {
                                                                        row: 4,
                                                                        column: 41,
                                                                    },
                                                                    end_location: Some(
                                                                        Location {
                                                                            row: 4,
                                                                            column: 45,
                                                                        },
                                                                    ),
                                                                    custom: (),
                                                                    node: Constant(
                                                                        ExprConstant {
                                                                            value: None,
                                                                            kind: None,
                                                                        },
                                                                    ),
                                                                },
                                                            },
                                                        ),
                                                    },
                                                    Located {
                                                        location: Location {
                                                            row: 5,
                                                            column: 8,
                                                        },
                                                        end_location: Some(
                                                            Location {
                                                                row: 5,
                                                                column: 50,
                                                            },
                                                        ),
                                                        custom: (),
                                                        node: IfExp(
                                                            ExprIfExp {
                                                                test: Located {
                                                                    location: Location {
                                                                        row: 5,
                                                                        column: 34,
                                                                    },
                                                                    end_location: Some(
                                                                        Location {
                                                                            row: 5,
                                                                            column: 40,
                                                                        },
                                                                    ),
                                                                    custom: (),
                                                                    node: Name(
                                                                        ExprName {
                                                                            id: "offset",
                                                                            ctx: Load,
                                                                        },
                                                                    ),
                                                                },
                                                                body: Located {
                                                                    location: Location {
                                                                        row: 5,
                                                                        column: 9,
                                                                    },
                                                                    end_location: Some(
                                                                        Location {
                                                                            row: 5,
                                                                            column: 29,
                                                                        },
                                                                    ),
                                                                    custom: (),
                                                                    node: BinOp(
                                                                        ExprBinOp {
                                                                            left: Located {
                                                                                location: Location {
                                                                                    row: 5,
                                                                                    column: 9,
                                                                                },
                                                                                end_location: Some(
                                                                                    Location {
                                                                                        row: 5,
                                                                                        column: 20,
                                                                                    },
                                                                                ),
                                                                                custom: (),
                                                                                node: Constant(
                                                                                    ExprConstant {
                                                                                        value: Str(
                                                                                            "OFFSET %d",
                                                                                        ),
                                                                                        kind: None,
                                                                                    },
                                                                                ),
                                                                            },
                                                                            op: Mod,
                                                                            right: Located {
                                                                                location: Location {
                                                                                    row: 5,
                                                                                    column: 23,
                                                                                },
                                                                                end_location: Some(
                                                                                    Location {
                                                                                        row: 5,
                                                                                        column: 29,
                                                                                    },
                                                                                ),
                                                                                custom: (),
                                                                                node: Name(
                                                                                    ExprName {
                                                                                        id: "offset",
                                                                                        ctx: Load,
                                                                                    },
                                                                                ),
                                                                            },
                                                                        },
                                                                    ),
                                                                },
                                                                orelse: Located {
                                                                    location: Location {
                                                                        row: 5,
                                                                        column: 46,
                                                                    },
                                                                    end_location: Some(
                                                                        Location {
                                                                            row: 5,
                                                                            column: 50,
                                                                        },
                                                                    ),
                                                                    custom: (),
                                                                    node: Constant(
                                                                        ExprConstant {
                                                                            value: None,
                                                                            kind: None,
                                                                        },
                                                                    ),
                                                                },
                                                            },
                                                        ),
                                                    },
                                                ],
                                                ctx: Load,
                                            },
                                        ),
                                    },
                                    ifs: [],
                                    is_async: 0,
                                },
                            ],
                        },
                    ),
                },
            ],
            keywords: [],
        },
    ),
}
