---
source: parser/src/parser.rs
expression: parse_ast
---
Attributed {
    range: 0..14,
    custom: (),
    node: ListComp(
        ExprListComp {
            elt: Attributed {
                range: 1..2,
                custom: (),
                node: Name(
                    ExprName {
                        id: Identifier(
                            "x",
                        ),
                        ctx: Load,
                    },
                ),
            },
            generators: [
                Comprehension {
                    target: Attributed {
                        range: 7..8,
                        custom: (),
                        node: Name(
                            ExprName {
                                id: Identifier(
                                    "y",
                                ),
                                ctx: Store,
                            },
                        ),
                    },
                    iter: Attributed {
                        range: 12..13,
                        custom: (),
                        node: Name(
                            ExprName {
                                id: Identifier(
                                    "z",
                                ),
                                ctx: Load,
                            },
                        ),
                    },
                    ifs: [],
                    is_async: Int(
                        0,
                    ),
                },
            ],
        },
    ),
}
