---
source: parser/src/parser.rs
expression: parse_ast
---
Attributed {
    range: 0..7,
    custom: (),
    node: BoolOp(
        ExprBoolOp {
            op: And,
            values: [
                Attributed {
                    range: 0..1,
                    custom: (),
                    node: Name(
                        ExprName {
                            id: "x",
                            ctx: Load,
                        },
                    ),
                },
                Attributed {
                    range: 6..7,
                    custom: (),
                    node: Name(
                        ExprName {
                            id: "y",
                            ctx: Load,
                        },
                    ),
                },
            ],
        },
    ),
}
