---
source: parser/src/string.rs
expression: parse_ast
---
[
    Located {
        range: 0..22,
        custom: (),
        node: Expr(
            StmtExpr {
                value: Located {
                    range: 0..22,
                    custom: (),
                    node: JoinedStr(
                        ExprJoinedStr {
                            values: [
                                Located {
                                    range: 0..22,
                                    custom: (),
                                    node: Constant(
                                        ExprConstant {
                                            value: Str(
                                                "Hello world",
                                            ),
                                            kind: None,
                                        },
                                    ),
                                },
                                Located {
                                    range: 9..22,
                                    custom: (),
                                    node: FormattedValue(
                                        ExprFormattedValue {
                                            value: Located {
                                                range: 17..20,
                                                custom: (),
                                                node: Constant(
                                                    ExprConstant {
                                                        value: Str(
                                                            "!",
                                                        ),
                                                        kind: None,
                                                    },
                                                ),
                                            },
                                            conversion: 0,
                                            format_spec: None,
                                        },
                                    ),
                                },
                            ],
                        },
                    ),
                },
            },
        ),
    },
]
