---
source: parser/src/parser.rs
expression: "parse_program(source, \"<test>\").unwrap()"
---
[
    Attributed {
        range: 0..98,
        custom: (),
        node: ClassDef(
            StmtClassDef {
                name: Identifier(
                    "Foo",
                ),
                bases: [
                    Attributed {
                        range: 10..11,
                        custom: (),
                        node: Name(
                            ExprName {
                                id: Identifier(
                                    "A",
                                ),
                                ctx: Load,
                            },
                        ),
                    },
                    Attributed {
                        range: 13..14,
                        custom: (),
                        node: Name(
                            ExprName {
                                id: Identifier(
                                    "B",
                                ),
                                ctx: Load,
                            },
                        ),
                    },
                ],
                keywords: [],
                body: [
                    Attributed {
                        range: 18..44,
                        custom: (),
                        node: FunctionDef(
                            StmtFunctionDef {
                                name: Identifier(
                                    "__init__",
                                ),
                                args: Arguments {
                                    posonlyargs: [],
                                    args: [
                                        Attributed {
                                            range: 31..35,
                                            custom: (),
                                            node: ArgData {
                                                arg: Identifier(
                                                    "self",
                                                ),
                                                annotation: None,
                                                type_comment: None,
                                            },
                                        },
                                    ],
                                    vararg: None,
                                    kwonlyargs: [],
                                    kw_defaults: [],
                                    kwarg: None,
                                    defaults: [],
                                },
                                body: [
                                    Attributed {
                                        range: 40..44,
                                        custom: (),
                                        node: Pass,
                                    },
                                ],
                                decorator_list: [],
                                returns: None,
                                type_comment: None,
                            },
                        ),
                    },
                    Attributed {
                        range: 46..98,
                        custom: (),
                        node: FunctionDef(
                            StmtFunctionDef {
                                name: Identifier(
                                    "method_with_default",
                                ),
                                args: Arguments {
                                    posonlyargs: [],
                                    args: [
                                        Attributed {
                                            range: 70..74,
                                            custom: (),
                                            node: ArgData {
                                                arg: Identifier(
                                                    "self",
                                                ),
                                                annotation: None,
                                                type_comment: None,
                                            },
                                        },
                                        Attributed {
                                            range: 76..79,
                                            custom: (),
                                            node: ArgData {
                                                arg: Identifier(
                                                    "arg",
                                                ),
                                                annotation: None,
                                                type_comment: None,
                                            },
                                        },
                                    ],
                                    vararg: None,
                                    kwonlyargs: [],
                                    kw_defaults: [],
                                    kwarg: None,
                                    defaults: [
                                        Attributed {
                                            range: 80..89,
                                            custom: (),
                                            node: Constant(
                                                ExprConstant {
                                                    value: Str(
                                                        "default",
                                                    ),
                                                    kind: None,
                                                },
                                            ),
                                        },
                                    ],
                                },
                                body: [
                                    Attributed {
                                        range: 94..98,
                                        custom: (),
                                        node: Pass,
                                    },
                                ],
                                decorator_list: [],
                                returns: None,
                                type_comment: None,
                            },
                        ),
                    },
                ],
                decorator_list: [],
            },
        ),
    },
]
