---
source: parser/src/string.rs
expression: parse_ast
---
[
    Attributed {
        range: 0..9,
        custom: (),
        node: Expr(
            StmtExpr {
                value: Attributed {
                    range: 0..9,
                    custom: (),
                    node: Constant(
                        ExprConstant {
                            value: Str(
                                "\u{7}",
                            ),
                            kind: None,
                        },
                    ),
                },
            },
        ),
    },
]
