---
source: parser/src/string.rs
expression: parse_ast
---
[
    Located {
        location: Location {
            row: 1,
            column: 0,
        },
        end_location: Some(
            Location {
                row: 1,
                column: 13,
            },
        ),
        custom: (),
        node: FormattedValue(
            ExprFormattedValue {
                value: Located {
                    location: Location {
                        row: 1,
                        column: 3,
                    },
                    end_location: Some(
                        Location {
                            row: 1,
                            column: 11,
                        },
                    ),
                    custom: (),
                    node: Compare(
                        ExprCompare {
                            left: Located {
                                location: Location {
                                    row: 1,
                                    column: 3,
                                },
                                end_location: Some(
                                    Location {
                                        row: 1,
                                        column: 5,
                                    },
                                ),
                                custom: (),
                                node: Constant(
                                    ExprConstant {
                                        value: Int(
                                            42,
                                        ),
                                        kind: None,
                                    },
                                ),
                            },
                            ops: [
                                Eq,
                            ],
                            comparators: [
                                Located {
                                    location: Location {
                                        row: 1,
                                        column: 9,
                                    },
                                    end_location: Some(
                                        Location {
                                            row: 1,
                                            column: 11,
                                        },
                                    ),
                                    custom: (),
                                    node: Constant(
                                        ExprConstant {
                                            value: Int(
                                                42,
                                            ),
                                            kind: None,
                                        },
                                    ),
                                },
                            ],
                        },
                    ),
                },
                conversion: 0,
                format_spec: None,
            },
        ),
    },
]
